{
  "A": "Один",
  "B": "Два",
  "C": "Три",
  "D": "Четыре",
  "E": "Пять",
  "F": "Шесть",
  "G": "Семь",
  "H": "Восемь",
  "I": "Девять",
  "FAILURE": "Ошибка при получении data{hasError, select, true{: {message}} other{}}. Щелкните, чтобы повторить попытку",
  "SUCCESS": "Успех {COUNT}"
}
